
================================================================================
COLETA DE ORÇAMENTOS - SUPABASE
================================================================================

🔌 Conectando ao Supabase...
✓ Conexão bem-sucedida!

📥 Detectando orçamentos com items em 'aberto' ou 'processando'...
⚠️ Nenhum orçamento encontrado com items em 'aberto' ou 'processando'

================================================================================
PIPELINE AUTOMÁTICO - COLETA E PROCESSAMENTO
================================================================================

╔══════════════════════════════════════════════════════════════════════════════╗
║                      ETAPA 1: COLETAR DADOS DO SUPABASE                      ║
╚══════════════════════════════════════════════════════════════════════════════╝

================================================================================
Coletando orçamentos...
================================================================================


❌ Erro ao executar: Coletando orçamentos...

================================================================================
COLETA DE ORÇAMENTOS - SUPABASE
================================================================================

🔌 Conectando ao Supabase...
✓ Conexão bem-sucedida!

📥 Detectando orçamentos com items em 'aberto' ou 'processando'...
⚠️ Nenhum orçamento encontrado com items em 'aberto' ou 'processando'

================================================================================
PIPELINE AUTOMÁTICO - COLETA E PROCESSAMENTO
================================================================================

╔══════════════════════════════════════════════════════════════════════════════╗
║                      ETAPA 1: COLETAR DADOS DO SUPABASE                      ║
╚══════════════════════════════════════════════════════════════════════════════╝

================================================================================
Coletando orçamentos...
================================================================================


❌ Erro ao executar: Coletando orçamentos...
